2025-01-01 1
2025-01-01 2
2025-01-01 3
2025-01-01 4
2025-01-02 1
2025-01-02 2
2025-01-03 1
2025-01-03 2
2025-01-03 3
2025-01-03 4
2025-01-04 1
2025-01-05 1
2025-01-05 2
2025-01-05 3
2025-01-05 4
2025-01-06 1
2025-01-06 2
2025-01-07 1
2025-01-08 1
2025-01-09 1
2025-01-09 2
2025-01-09 3
2025-01-09 4
2025-01-10 1
2025-01-10 2
2025-01-11 1
2025-01-11 2
2025-01-11 3
2025-01-11 4
2025-01-12 1
2025-01-12 2
2025-01-12 3
2025-01-13 1
2025-01-13 2
2025-01-13 3
2025-01-14 1
2025-01-14 2
2025-01-14 3
2025-01-15 1
2025-01-15 2
2025-01-15 3
